?   	github.com/leaanthony/mpress/cmd/mpd-corpus	[no test files]
?   	github.com/leaanthony/mpress/cmd/mpd-fixtures	[no test files]
ok  	github.com/leaanthony/mpress/cmd/mpress	7.290s
?   	github.com/leaanthony/mpress/devserver	[no test files]
ok  	github.com/leaanthony/mpress/internal/check	2.752s
ok  	github.com/leaanthony/mpress/internal/components	(cached)
ok  	github.com/leaanthony/mpress/internal/config	1.054s
ok  	github.com/leaanthony/mpress/internal/content	8.406s
ok  	github.com/leaanthony/mpress/internal/contribute	1.699s
ok  	github.com/leaanthony/mpress/internal/deploy	1.040s
ok  	github.com/leaanthony/mpress/internal/dev	6.129s
ok  	github.com/leaanthony/mpress/internal/exportzip	2.437s
ok  	github.com/leaanthony/mpress/internal/highlight	(cached)
ok  	github.com/leaanthony/mpress/internal/icons	(cached)
ok  	github.com/leaanthony/mpress/internal/importer	2.042s
ok  	github.com/leaanthony/mpress/internal/knowledge	1.838s
ok  	github.com/leaanthony/mpress/internal/lighthouse	(cached)
ok  	github.com/leaanthony/mpress/internal/mpd	2.015s
ok  	github.com/leaanthony/mpress/internal/mpdconformance	2.323s
ok  	github.com/leaanthony/mpress/internal/mpdcorpus	(cached)
?   	github.com/leaanthony/mpress/internal/navigation	[no test files]
ok  	github.com/leaanthony/mpress/internal/operations	2.006s
ok  	github.com/leaanthony/mpress/internal/projectconvert	1.743s
ok  	github.com/leaanthony/mpress/internal/quickedit	1.722s
?   	github.com/leaanthony/mpress/internal/routes	[no test files]
ok  	github.com/leaanthony/mpress/internal/site	9.355s
ok  	github.com/leaanthony/mpress/internal/translate	10.795s
ok  	github.com/leaanthony/mpress/internal/version	1.681s
