?   	github.com/leaanthony/mpress/cmd/mpd-corpus	[no test files]
?   	github.com/leaanthony/mpress/cmd/mpd-fixtures	[no test files]
ok  	github.com/leaanthony/mpress/cmd/mpress	7.207s
?   	github.com/leaanthony/mpress/devserver	[no test files]
ok  	github.com/leaanthony/mpress/internal/check	(cached)
ok  	github.com/leaanthony/mpress/internal/components	(cached)
ok  	github.com/leaanthony/mpress/internal/config	(cached)
ok  	github.com/leaanthony/mpress/internal/content	(cached)
ok  	github.com/leaanthony/mpress/internal/contribute	1.727s
ok  	github.com/leaanthony/mpress/internal/deploy	(cached)
ok  	github.com/leaanthony/mpress/internal/dev	12.377s
ok  	github.com/leaanthony/mpress/internal/exportzip	2.696s
ok  	github.com/leaanthony/mpress/internal/highlight	(cached)
ok  	github.com/leaanthony/mpress/internal/icons	(cached)
ok  	github.com/leaanthony/mpress/internal/importer	2.035s
ok  	github.com/leaanthony/mpress/internal/knowledge	(cached)
ok  	github.com/leaanthony/mpress/internal/lighthouse	(cached)
ok  	github.com/leaanthony/mpress/internal/mpd	1.982s
ok  	github.com/leaanthony/mpress/internal/mpdconformance	2.237s
ok  	github.com/leaanthony/mpress/internal/mpdcorpus	(cached)
?   	github.com/leaanthony/mpress/internal/navigation	[no test files]
ok  	github.com/leaanthony/mpress/internal/operations	1.999s
ok  	github.com/leaanthony/mpress/internal/projectconvert	1.736s
ok  	github.com/leaanthony/mpress/internal/projectfs	(cached)
ok  	github.com/leaanthony/mpress/internal/quickedit	1.806s
?   	github.com/leaanthony/mpress/internal/routes	[no test files]
ok  	github.com/leaanthony/mpress/internal/site	10.025s
ok  	github.com/leaanthony/mpress/internal/translate	10.675s
ok  	github.com/leaanthony/mpress/internal/version	(cached)
