=== RUN   TestAuthoringTranslationAuditRejectsExternalFiles
=== RUN   TestAuthoringTranslationAuditRejectsExternalFiles/source
=== RUN   TestAuthoringTranslationAuditRejectsExternalFiles/target
=== RUN   TestAuthoringTranslationAuditRejectsExternalFiles/glossary
--- PASS: TestAuthoringTranslationAuditRejectsExternalFiles (0.28s)
    --- PASS: TestAuthoringTranslationAuditRejectsExternalFiles/source (0.09s)
    --- PASS: TestAuthoringTranslationAuditRejectsExternalFiles/target (0.08s)
    --- PASS: TestAuthoringTranslationAuditRejectsExternalFiles/glossary (0.11s)
=== RUN   TestTranslationAuditRejectsExternalFilesBeforeReviewer
=== RUN   TestTranslationAuditRejectsExternalFilesBeforeReviewer/source
=== RUN   TestTranslationAuditRejectsExternalFilesBeforeReviewer/target
=== RUN   TestTranslationAuditRejectsExternalFilesBeforeReviewer/style-guide
=== RUN   TestTranslationAuditRejectsExternalFilesBeforeReviewer/glossary
--- PASS: TestTranslationAuditRejectsExternalFilesBeforeReviewer (0.37s)
    --- PASS: TestTranslationAuditRejectsExternalFilesBeforeReviewer/source (0.10s)
    --- PASS: TestTranslationAuditRejectsExternalFilesBeforeReviewer/target (0.08s)
    --- PASS: TestTranslationAuditRejectsExternalFilesBeforeReviewer/style-guide (0.09s)
    --- PASS: TestTranslationAuditRejectsExternalFilesBeforeReviewer/glossary (0.09s)
=== RUN   TestTranslationRefinementRejectsExternalFilesBeforeProvider
=== RUN   TestTranslationRefinementRejectsExternalFilesBeforeProvider/source
=== RUN   TestTranslationRefinementRejectsExternalFilesBeforeProvider/target
=== RUN   TestTranslationRefinementRejectsExternalFilesBeforeProvider/state-file
=== RUN   TestTranslationRefinementRejectsExternalFilesBeforeProvider/state-parent
=== RUN   TestTranslationRefinementRejectsExternalFilesBeforeProvider/style-guide
=== RUN   TestTranslationRefinementRejectsExternalFilesBeforeProvider/glossary
--- PASS: TestTranslationRefinementRejectsExternalFilesBeforeProvider (0.42s)
    --- PASS: TestTranslationRefinementRejectsExternalFilesBeforeProvider/source (0.07s)
    --- PASS: TestTranslationRefinementRejectsExternalFilesBeforeProvider/target (0.07s)
    --- PASS: TestTranslationRefinementRejectsExternalFilesBeforeProvider/state-file (0.08s)
    --- PASS: TestTranslationRefinementRejectsExternalFilesBeforeProvider/state-parent (0.07s)
    --- PASS: TestTranslationRefinementRejectsExternalFilesBeforeProvider/style-guide (0.07s)
    --- PASS: TestTranslationRefinementRejectsExternalFilesBeforeProvider/glossary (0.07s)
=== RUN   TestTranslationRefinementRejectsParentsRearrangedDuringProvider
=== RUN   TestTranslationRefinementRejectsParentsRearrangedDuringProvider/target
=== RUN   TestTranslationRefinementRejectsParentsRearrangedDuringProvider/state-file
--- PASS: TestTranslationRefinementRejectsParentsRearrangedDuringProvider (0.16s)
    --- PASS: TestTranslationRefinementRejectsParentsRearrangedDuringProvider/target (0.08s)
    --- PASS: TestTranslationRefinementRejectsParentsRearrangedDuringProvider/state-file (0.08s)
=== RUN   TestTranslationAuditRefinementRetainInternalAliases
=== RUN   TestTranslationAuditRefinementRetainInternalAliases/source
=== RUN   TestTranslationAuditRefinementRetainInternalAliases/target
=== RUN   TestTranslationAuditRefinementRetainInternalAliases/state-parent
--- PASS: TestTranslationAuditRefinementRetainInternalAliases (0.33s)
    --- PASS: TestTranslationAuditRefinementRetainInternalAliases/source (0.10s)
    --- PASS: TestTranslationAuditRefinementRetainInternalAliases/target (0.11s)
    --- PASS: TestTranslationAuditRefinementRetainInternalAliases/state-parent (0.12s)
=== RUN   TestAuthoringTranslationReviewRejectsExternalFiles
=== RUN   TestAuthoringTranslationReviewRejectsExternalFiles/source
=== RUN   TestAuthoringTranslationReviewRejectsExternalFiles/target
=== RUN   TestAuthoringTranslationReviewRejectsExternalFiles/state-file
=== RUN   TestAuthoringTranslationReviewRejectsExternalFiles/state-parent
=== RUN   TestAuthoringTranslationReviewRejectsExternalFiles/state-discovery
--- PASS: TestAuthoringTranslationReviewRejectsExternalFiles (0.48s)
    --- PASS: TestAuthoringTranslationReviewRejectsExternalFiles/source (0.07s)
    --- PASS: TestAuthoringTranslationReviewRejectsExternalFiles/target (0.07s)
    --- PASS: TestAuthoringTranslationReviewRejectsExternalFiles/state-file (0.11s)
    --- PASS: TestAuthoringTranslationReviewRejectsExternalFiles/state-parent (0.13s)
    --- PASS: TestAuthoringTranslationReviewRejectsExternalFiles/state-discovery (0.10s)
=== RUN   TestAuthoringTranslationReviewRetainsInternalStateAliases
=== RUN   TestAuthoringTranslationReviewRetainsInternalStateAliases/relative
=== RUN   TestAuthoringTranslationReviewRetainsInternalStateAliases/absolute
--- PASS: TestAuthoringTranslationReviewRetainsInternalStateAliases (0.18s)
    --- PASS: TestAuthoringTranslationReviewRetainsInternalStateAliases/relative (0.08s)
    --- PASS: TestAuthoringTranslationReviewRetainsInternalStateAliases/absolute (0.10s)
=== RUN   TestAuthoringTranslationReviewRetainsInternalFileAliases
=== RUN   TestAuthoringTranslationReviewRetainsInternalFileAliases/source/relative
=== RUN   TestAuthoringTranslationReviewRetainsInternalFileAliases/source/absolute
=== RUN   TestAuthoringTranslationReviewRetainsInternalFileAliases/target/relative
=== RUN   TestAuthoringTranslationReviewRetainsInternalFileAliases/target/absolute
=== RUN   TestAuthoringTranslationReviewRetainsInternalFileAliases/state-file/relative
=== RUN   TestAuthoringTranslationReviewRetainsInternalFileAliases/state-file/absolute
--- PASS: TestAuthoringTranslationReviewRetainsInternalFileAliases (0.55s)
    --- PASS: TestAuthoringTranslationReviewRetainsInternalFileAliases/source/relative (0.12s)
    --- PASS: TestAuthoringTranslationReviewRetainsInternalFileAliases/source/absolute (0.08s)
    --- PASS: TestAuthoringTranslationReviewRetainsInternalFileAliases/target/relative (0.10s)
    --- PASS: TestAuthoringTranslationReviewRetainsInternalFileAliases/target/absolute (0.09s)
    --- PASS: TestAuthoringTranslationReviewRetainsInternalFileAliases/state-file/relative (0.08s)
    --- PASS: TestAuthoringTranslationReviewRetainsInternalFileAliases/state-file/absolute (0.08s)
=== RUN   TestAuthoringTranslationPlanRejectsExternalFiles
=== RUN   TestAuthoringTranslationPlanRejectsExternalFiles/source
=== RUN   TestAuthoringTranslationPlanRejectsExternalFiles/target
=== RUN   TestAuthoringTranslationPlanRejectsExternalFiles/state-file
=== RUN   TestAuthoringTranslationPlanRejectsExternalFiles/state-parent
=== RUN   TestAuthoringTranslationPlanRejectsExternalFiles/state-discovery
=== RUN   TestAuthoringTranslationPlanRejectsExternalFiles/style-guide
=== RUN   TestAuthoringTranslationPlanRejectsExternalFiles/glossary
--- PASS: TestAuthoringTranslationPlanRejectsExternalFiles (0.62s)
    --- PASS: TestAuthoringTranslationPlanRejectsExternalFiles/source (0.08s)
    --- PASS: TestAuthoringTranslationPlanRejectsExternalFiles/target (0.09s)
    --- PASS: TestAuthoringTranslationPlanRejectsExternalFiles/state-file (0.09s)
    --- PASS: TestAuthoringTranslationPlanRejectsExternalFiles/state-parent (0.07s)
    --- PASS: TestAuthoringTranslationPlanRejectsExternalFiles/state-discovery (0.08s)
    --- PASS: TestAuthoringTranslationPlanRejectsExternalFiles/style-guide (0.11s)
    --- PASS: TestAuthoringTranslationPlanRejectsExternalFiles/glossary (0.10s)
=== RUN   TestTranslationRunRejectsParentsRearrangedDuringProvider
=== RUN   TestTranslationRunRejectsParentsRearrangedDuringProvider/target
=== RUN   TestTranslationRunRejectsParentsRearrangedDuringProvider/state-file
--- PASS: TestTranslationRunRejectsParentsRearrangedDuringProvider (0.20s)
    --- PASS: TestTranslationRunRejectsParentsRearrangedDuringProvider/target (0.10s)
    --- PASS: TestTranslationRunRejectsParentsRearrangedDuringProvider/state-file (0.10s)
=== RUN   TestTranslationRunRejectsExternalFilesBeforeProvider
=== RUN   TestTranslationRunRejectsExternalFilesBeforeProvider/source
=== RUN   TestTranslationRunRejectsExternalFilesBeforeProvider/target
=== RUN   TestTranslationRunRejectsExternalFilesBeforeProvider/state-file
=== RUN   TestTranslationRunRejectsExternalFilesBeforeProvider/state-parent
=== RUN   TestTranslationRunRejectsExternalFilesBeforeProvider/state-discovery
--- PASS: TestTranslationRunRejectsExternalFilesBeforeProvider (0.39s)
    --- PASS: TestTranslationRunRejectsExternalFilesBeforeProvider/source (0.07s)
    --- PASS: TestTranslationRunRejectsExternalFilesBeforeProvider/target (0.10s)
    --- PASS: TestTranslationRunRejectsExternalFilesBeforeProvider/state-file (0.09s)
    --- PASS: TestTranslationRunRejectsExternalFilesBeforeProvider/state-parent (0.06s)
    --- PASS: TestTranslationRunRejectsExternalFilesBeforeProvider/state-discovery (0.07s)
=== RUN   TestTranslationRunRetainsInternalAliases
=== RUN   TestTranslationRunRetainsInternalAliases/source
=== RUN   TestTranslationRunRetainsInternalAliases/target
=== RUN   TestTranslationRunRetainsInternalAliases/state-file
=== RUN   TestTranslationRunRetainsInternalAliases/state-parent
--- PASS: TestTranslationRunRetainsInternalAliases (0.45s)
    --- PASS: TestTranslationRunRetainsInternalAliases/source (0.10s)
    --- PASS: TestTranslationRunRetainsInternalAliases/target (0.10s)
    --- PASS: TestTranslationRunRetainsInternalAliases/state-file (0.12s)
    --- PASS: TestTranslationRunRetainsInternalAliases/state-parent (0.12s)
PASS
ok  	github.com/leaanthony/mpress/internal/dev	6.115s
