?   	github.com/leaanthony/mpress/cmd/mpd-corpus	[no test files]
?   	github.com/leaanthony/mpress/cmd/mpd-fixtures	[no test files]
ok  	github.com/leaanthony/mpress/cmd/mpress	7.165s
?   	github.com/leaanthony/mpress/devserver	[no test files]
ok  	github.com/leaanthony/mpress/internal/check	(cached)
ok  	github.com/leaanthony/mpress/internal/components	(cached)
ok  	github.com/leaanthony/mpress/internal/config	(cached)
ok  	github.com/leaanthony/mpress/internal/content	(cached)
ok  	github.com/leaanthony/mpress/internal/contribute	1.685s
ok  	github.com/leaanthony/mpress/internal/deploy	(cached)
ok  	github.com/leaanthony/mpress/internal/dev	14.254s
ok  	github.com/leaanthony/mpress/internal/exportzip	2.569s
ok  	github.com/leaanthony/mpress/internal/highlight	(cached)
ok  	github.com/leaanthony/mpress/internal/icons	(cached)
ok  	github.com/leaanthony/mpress/internal/importer	2.017s
ok  	github.com/leaanthony/mpress/internal/knowledge	(cached)
ok  	github.com/leaanthony/mpress/internal/lighthouse	(cached)
ok  	github.com/leaanthony/mpress/internal/mpd	1.951s
ok  	github.com/leaanthony/mpress/internal/mpdconformance	2.169s
ok  	github.com/leaanthony/mpress/internal/mpdcorpus	(cached)
?   	github.com/leaanthony/mpress/internal/navigation	[no test files]
ok  	github.com/leaanthony/mpress/internal/operations	1.920s
ok  	github.com/leaanthony/mpress/internal/projectconvert	1.766s
ok  	github.com/leaanthony/mpress/internal/projectfs	(cached)
ok  	github.com/leaanthony/mpress/internal/quickedit	1.713s
?   	github.com/leaanthony/mpress/internal/routes	[no test files]
ok  	github.com/leaanthony/mpress/internal/site	10.353s
ok  	github.com/leaanthony/mpress/internal/translate	10.678s
ok  	github.com/leaanthony/mpress/internal/version	(cached)
