?   	github.com/leaanthony/mpress/cmd/mpd-corpus	[no test files]
?   	github.com/leaanthony/mpress/cmd/mpd-fixtures	[no test files]
ok  	github.com/leaanthony/mpress/cmd/mpress	7.440s
?   	github.com/leaanthony/mpress/devserver	[no test files]
ok  	github.com/leaanthony/mpress/internal/check	(cached)
ok  	github.com/leaanthony/mpress/internal/components	(cached)
ok  	github.com/leaanthony/mpress/internal/config	(cached)
ok  	github.com/leaanthony/mpress/internal/content	(cached)
ok  	github.com/leaanthony/mpress/internal/contribute	(cached)
ok  	github.com/leaanthony/mpress/internal/deploy	(cached)
ok  	github.com/leaanthony/mpress/internal/dev	9.737s
ok  	github.com/leaanthony/mpress/internal/exportzip	2.627s
ok  	github.com/leaanthony/mpress/internal/highlight	(cached)
ok  	github.com/leaanthony/mpress/internal/icons	(cached)
ok  	github.com/leaanthony/mpress/internal/importer	2.013s
ok  	github.com/leaanthony/mpress/internal/knowledge	1.881s
ok  	github.com/leaanthony/mpress/internal/lighthouse	(cached)
ok  	github.com/leaanthony/mpress/internal/mpd	(cached)
ok  	github.com/leaanthony/mpress/internal/mpdconformance	2.196s
ok  	github.com/leaanthony/mpress/internal/mpdcorpus	(cached)
?   	github.com/leaanthony/mpress/internal/navigation	[no test files]
ok  	github.com/leaanthony/mpress/internal/operations	1.927s
ok  	github.com/leaanthony/mpress/internal/projectconvert	(cached)
ok  	github.com/leaanthony/mpress/internal/projectfs	(cached)
ok  	github.com/leaanthony/mpress/internal/quickedit	(cached)
?   	github.com/leaanthony/mpress/internal/routes	[no test files]
ok  	github.com/leaanthony/mpress/internal/site	9.812s
ok  	github.com/leaanthony/mpress/internal/translate	(cached)
ok  	github.com/leaanthony/mpress/internal/version	(cached)
