?   	github.com/leaanthony/mpress/cmd/mpd-corpus	[no test files]
?   	github.com/leaanthony/mpress/cmd/mpd-fixtures	[no test files]
ok  	github.com/leaanthony/mpress/cmd/mpress	7.087s
?   	github.com/leaanthony/mpress/devserver	[no test files]
ok  	github.com/leaanthony/mpress/internal/check	2.781s
ok  	github.com/leaanthony/mpress/internal/components	(cached)
ok  	github.com/leaanthony/mpress/internal/config	1.113s
ok  	github.com/leaanthony/mpress/internal/content	(cached)
ok  	github.com/leaanthony/mpress/internal/contribute	1.837s
ok  	github.com/leaanthony/mpress/internal/deploy	1.069s
ok  	github.com/leaanthony/mpress/internal/dev	15.247s
ok  	github.com/leaanthony/mpress/internal/exportzip	2.704s
ok  	github.com/leaanthony/mpress/internal/highlight	(cached)
ok  	github.com/leaanthony/mpress/internal/icons	(cached)
ok  	github.com/leaanthony/mpress/internal/importer	2.073s
ok  	github.com/leaanthony/mpress/internal/knowledge	1.986s
ok  	github.com/leaanthony/mpress/internal/lighthouse	(cached)
ok  	github.com/leaanthony/mpress/internal/mpd	1.939s
ok  	github.com/leaanthony/mpress/internal/mpdconformance	2.214s
ok  	github.com/leaanthony/mpress/internal/mpdcorpus	(cached)
?   	github.com/leaanthony/mpress/internal/navigation	[no test files]
ok  	github.com/leaanthony/mpress/internal/operations	1.948s
ok  	github.com/leaanthony/mpress/internal/projectconvert	1.699s
ok  	github.com/leaanthony/mpress/internal/projectfs	1.253s
ok  	github.com/leaanthony/mpress/internal/quickedit	1.691s
?   	github.com/leaanthony/mpress/internal/routes	[no test files]
ok  	github.com/leaanthony/mpress/internal/site	9.814s
ok  	github.com/leaanthony/mpress/internal/translate	10.765s
ok  	github.com/leaanthony/mpress/internal/version	5.892s
