--- FAIL: TestMountRejectsExternalDestinations (0.02s)
    --- FAIL: TestMountRejectsExternalDestinations/output (0.01s)
        mount_confinement_test.go:41: external mounting destination accepted
        mount_confinement_test.go:48: mounting created external files or directories
    --- FAIL: TestMountRejectsExternalDestinations/versions (0.01s)
        mount_confinement_test.go:41: external mounting destination accepted
        mount_confinement_test.go:48: mounting created external files or directories
    --- FAIL: TestMountRejectsExternalDestinations/snapshot (0.00s)
        mount_confinement_test.go:41: external mounting destination accepted
        mount_confinement_test.go:44: mounting overwrote external sentinel
    --- FAIL: TestMountRejectsExternalDestinations/metadata (0.01s)
        mount_confinement_test.go:41: external mounting destination accepted
        mount_confinement_test.go:44: mounting overwrote external sentinel
--- FAIL: TestMountPreservesProjectInputs (0.04s)
    --- FAIL: TestMountPreservesProjectInputs/. (0.01s)
        mount_confinement_test.go:62: mounting into protected project inputs accepted
        mount_confinement_test.go:65: project input changed
    --- FAIL: TestMountPreservesProjectInputs/content (0.01s)
        mount_confinement_test.go:62: mounting into protected project inputs accepted
        mount_confinement_test.go:65: project input changed
    --- FAIL: TestMountPreservesProjectInputs/static (0.01s)
        mount_confinement_test.go:62: mounting into protected project inputs accepted
        mount_confinement_test.go:65: project input changed
    --- FAIL: TestMountPreservesProjectInputs/.git (0.00s)
        mount_confinement_test.go:62: mounting into protected project inputs accepted
        mount_confinement_test.go:65: project input changed
    --- FAIL: TestMountPreservesProjectInputs/.mpress/cache (0.00s)
        mount_confinement_test.go:62: mounting into protected project inputs accepted
        mount_confinement_test.go:65: project input changed
    --- FAIL: TestMountPreservesProjectInputs/.mpress/versions (0.00s)
        mount_confinement_test.go:62: mounting into protected project inputs accepted
        mount_confinement_test.go:65: project input changed
FAIL
FAIL	github.com/leaanthony/mpress/internal/version	0.103s
FAIL
