?   	github.com/leaanthony/mpress/cmd/mpd-corpus	[no test files]
?   	github.com/leaanthony/mpress/cmd/mpd-fixtures	[no test files]
ok  	github.com/leaanthony/mpress/cmd/mpress	7.380s
?   	github.com/leaanthony/mpress/devserver	[no test files]
ok  	github.com/leaanthony/mpress/internal/check	(cached)
ok  	github.com/leaanthony/mpress/internal/components	(cached)
ok  	github.com/leaanthony/mpress/internal/config	(cached)
ok  	github.com/leaanthony/mpress/internal/content	(cached)
ok  	github.com/leaanthony/mpress/internal/contribute	1.680s
ok  	github.com/leaanthony/mpress/internal/deploy	(cached)
ok  	github.com/leaanthony/mpress/internal/dev	15.654s
ok  	github.com/leaanthony/mpress/internal/exportzip	2.556s
ok  	github.com/leaanthony/mpress/internal/highlight	(cached)
ok  	github.com/leaanthony/mpress/internal/icons	(cached)
ok  	github.com/leaanthony/mpress/internal/importer	2.039s
ok  	github.com/leaanthony/mpress/internal/knowledge	(cached)
ok  	github.com/leaanthony/mpress/internal/lighthouse	(cached)
ok  	github.com/leaanthony/mpress/internal/mpd	1.948s
ok  	github.com/leaanthony/mpress/internal/mpdconformance	2.212s
ok  	github.com/leaanthony/mpress/internal/mpdcorpus	(cached)
?   	github.com/leaanthony/mpress/internal/navigation	[no test files]
ok  	github.com/leaanthony/mpress/internal/operations	1.958s
ok  	github.com/leaanthony/mpress/internal/projectconvert	1.663s
ok  	github.com/leaanthony/mpress/internal/projectfs	(cached)
ok  	github.com/leaanthony/mpress/internal/quickedit	1.674s
?   	github.com/leaanthony/mpress/internal/routes	[no test files]
ok  	github.com/leaanthony/mpress/internal/site	9.880s
ok  	github.com/leaanthony/mpress/internal/translate	11.009s
ok  	github.com/leaanthony/mpress/internal/version	(cached)
