?   	github.com/leaanthony/mpress/cmd/mpd-corpus	[no test files]
?   	github.com/leaanthony/mpress/cmd/mpd-fixtures	[no test files]
ok  	github.com/leaanthony/mpress/cmd/mpress	7.191s
?   	github.com/leaanthony/mpress/devserver	[no test files]
ok  	github.com/leaanthony/mpress/internal/check	(cached)
ok  	github.com/leaanthony/mpress/internal/components	(cached)
ok  	github.com/leaanthony/mpress/internal/config	1.054s
ok  	github.com/leaanthony/mpress/internal/content	(cached)
ok  	github.com/leaanthony/mpress/internal/contribute	1.686s
ok  	github.com/leaanthony/mpress/internal/deploy	(cached)
ok  	github.com/leaanthony/mpress/internal/dev	5.950s
ok  	github.com/leaanthony/mpress/internal/exportzip	2.369s
ok  	github.com/leaanthony/mpress/internal/highlight	(cached)
ok  	github.com/leaanthony/mpress/internal/icons	(cached)
ok  	github.com/leaanthony/mpress/internal/importer	2.033s
ok  	github.com/leaanthony/mpress/internal/knowledge	(cached)
ok  	github.com/leaanthony/mpress/internal/lighthouse	(cached)
ok  	github.com/leaanthony/mpress/internal/mpd	(cached)
ok  	github.com/leaanthony/mpress/internal/mpdconformance	2.134s
ok  	github.com/leaanthony/mpress/internal/mpdcorpus	(cached)
?   	github.com/leaanthony/mpress/internal/navigation	[no test files]
ok  	github.com/leaanthony/mpress/internal/operations	1.920s
ok  	github.com/leaanthony/mpress/internal/projectconvert	1.669s
ok  	github.com/leaanthony/mpress/internal/quickedit	(cached)
ok  	github.com/leaanthony/mpress/internal/site	8.150s
ok  	github.com/leaanthony/mpress/internal/translate	10.753s
ok  	github.com/leaanthony/mpress/internal/version	(cached)
