=== RUN   TestRemoveOutputProtectsConfiguredDataAndAncestors
=== RUN   TestRemoveOutputProtectsConfiguredDataAndAncestors/source_ancestor
=== RUN   TestRemoveOutputProtectsConfiguredDataAndAncestors/static_ancestor
=== RUN   TestRemoveOutputProtectsConfiguredDataAndAncestors/custom_translation_state
=== RUN   TestRemoveOutputProtectsConfiguredDataAndAncestors/custom_version_store
=== RUN   TestRemoveOutputProtectsConfiguredDataAndAncestors/custom_stylesheet
=== RUN   TestRemoveOutputProtectsConfiguredDataAndAncestors/temporary_output_source_conflict
=== RUN   TestRemoveOutputProtectsConfiguredDataAndAncestors/temporary_output_state_conflict
--- PASS: TestRemoveOutputProtectsConfiguredDataAndAncestors (0.01s)
    --- PASS: TestRemoveOutputProtectsConfiguredDataAndAncestors/source_ancestor (0.00s)
    --- PASS: TestRemoveOutputProtectsConfiguredDataAndAncestors/static_ancestor (0.00s)
    --- PASS: TestRemoveOutputProtectsConfiguredDataAndAncestors/custom_translation_state (0.00s)
    --- PASS: TestRemoveOutputProtectsConfiguredDataAndAncestors/custom_version_store (0.00s)
    --- PASS: TestRemoveOutputProtectsConfiguredDataAndAncestors/custom_stylesheet (0.00s)
    --- PASS: TestRemoveOutputProtectsConfiguredDataAndAncestors/temporary_output_source_conflict (0.00s)
    --- PASS: TestRemoveOutputProtectsConfiguredDataAndAncestors/temporary_output_state_conflict (0.00s)
=== RUN   TestRemoveOutputAllowsOnlyDisjointWorkspaces
=== RUN   TestRemoveOutputAllowsOnlyDisjointWorkspaces/site
=== RUN   TestRemoveOutputAllowsOnlyDisjointWorkspaces/nested/missing/site
=== RUN   TestRemoveOutputAllowsOnlyDisjointWorkspaces/.mpress/export-abc/site
=== RUN   TestRemoveOutputAllowsOnlyDisjointWorkspaces/.mpress/live-preview/revision
--- PASS: TestRemoveOutputAllowsOnlyDisjointWorkspaces (0.01s)
    --- PASS: TestRemoveOutputAllowsOnlyDisjointWorkspaces/site (0.00s)
    --- PASS: TestRemoveOutputAllowsOnlyDisjointWorkspaces/nested/missing/site (0.00s)
    --- PASS: TestRemoveOutputAllowsOnlyDisjointWorkspaces/.mpress/export-abc/site (0.00s)
    --- PASS: TestRemoveOutputAllowsOnlyDisjointWorkspaces/.mpress/live-preview/revision (0.00s)
=== RUN   TestRemoveOutputHandlesSymlinkedPaths
=== RUN   TestRemoveOutputHandlesSymlinkedPaths/external_parent
=== RUN   TestRemoveOutputHandlesSymlinkedPaths/external_final
=== RUN   TestRemoveOutputHandlesSymlinkedPaths/source_alias
=== RUN   TestRemoveOutputHandlesSymlinkedPaths/state_alias
=== RUN   TestRemoveOutputHandlesSymlinkedPaths/dangling_parent
=== RUN   TestRemoveOutputHandlesSymlinkedPaths/safe_internal_parent
=== RUN   TestRemoveOutputHandlesSymlinkedPaths/project_root_alias
--- PASS: TestRemoveOutputHandlesSymlinkedPaths (0.01s)
    --- PASS: TestRemoveOutputHandlesSymlinkedPaths/external_parent (0.00s)
    --- PASS: TestRemoveOutputHandlesSymlinkedPaths/external_final (0.00s)
    --- PASS: TestRemoveOutputHandlesSymlinkedPaths/source_alias (0.00s)
    --- PASS: TestRemoveOutputHandlesSymlinkedPaths/state_alias (0.00s)
    --- PASS: TestRemoveOutputHandlesSymlinkedPaths/dangling_parent (0.00s)
    --- PASS: TestRemoveOutputHandlesSymlinkedPaths/safe_internal_parent (0.00s)
    --- PASS: TestRemoveOutputHandlesSymlinkedPaths/project_root_alias (0.00s)
=== RUN   TestRemoveOutputRespectsFilesystemCaseSemantics
--- PASS: TestRemoveOutputRespectsFilesystemCaseSemantics (0.00s)
=== RUN   TestRemoveOutputProtectsWorktreeGitFile
--- PASS: TestRemoveOutputProtectsWorktreeGitFile (0.00s)
PASS
ok  	github.com/leaanthony/mpress/internal/config	1.041s
=== RUN   TestBuildCollectorRegistersRenderedAndStaticFilesWithoutOutputRescan
--- PASS: TestBuildCollectorRegistersRenderedAndStaticFilesWithoutOutputRescan (0.03s)
=== RUN   TestBuildRefusesOutputOutsideProject
--- PASS: TestBuildRefusesOutputOutsideProject (0.00s)
=== RUN   TestBuildUsesAnInMemorySourceOverrideInAnIsolatedOutput
--- PASS: TestBuildUsesAnInMemorySourceOverrideInAnIsolatedOutput (0.01s)
=== RUN   TestBuildPreservesInputsWhenOutputOverlapsProjectData
=== RUN   TestBuildPreservesInputsWhenOutputOverlapsProjectData/.
=== RUN   TestBuildPreservesInputsWhenOutputOverlapsProjectData/content
=== RUN   TestBuildPreservesInputsWhenOutputOverlapsProjectData/content/generated
=== RUN   TestBuildPreservesInputsWhenOutputOverlapsProjectData/static
=== RUN   TestBuildPreservesInputsWhenOutputOverlapsProjectData/static/generated
=== RUN   TestBuildPreservesInputsWhenOutputOverlapsProjectData/mpress.yaml
=== RUN   TestBuildPreservesInputsWhenOutputOverlapsProjectData/.git
=== RUN   TestBuildPreservesInputsWhenOutputOverlapsProjectData/.git/generated
=== RUN   TestBuildPreservesInputsWhenOutputOverlapsProjectData/.mpress
=== RUN   TestBuildPreservesInputsWhenOutputOverlapsProjectData/.mpress/cache
=== RUN   TestBuildPreservesInputsWhenOutputOverlapsProjectData/.mpress/translations
=== RUN   TestBuildPreservesInputsWhenOutputOverlapsProjectData/.mpress/versions
=== RUN   TestBuildPreservesInputsWhenOutputOverlapsProjectData/.mpress/backups
=== RUN   TestBuildPreservesInputsWhenOutputOverlapsProjectData/.mpress/onboarding
=== RUN   TestBuildPreservesInputsWhenOutputOverlapsProjectData/.mpress/unknown-state
--- PASS: TestBuildPreservesInputsWhenOutputOverlapsProjectData (0.09s)
    --- PASS: TestBuildPreservesInputsWhenOutputOverlapsProjectData/. (0.01s)
    --- PASS: TestBuildPreservesInputsWhenOutputOverlapsProjectData/content (0.01s)
    --- PASS: TestBuildPreservesInputsWhenOutputOverlapsProjectData/content/generated (0.01s)
    --- PASS: TestBuildPreservesInputsWhenOutputOverlapsProjectData/static (0.01s)
    --- PASS: TestBuildPreservesInputsWhenOutputOverlapsProjectData/static/generated (0.00s)
    --- PASS: TestBuildPreservesInputsWhenOutputOverlapsProjectData/mpress.yaml (0.00s)
    --- PASS: TestBuildPreservesInputsWhenOutputOverlapsProjectData/.git (0.00s)
    --- PASS: TestBuildPreservesInputsWhenOutputOverlapsProjectData/.git/generated (0.01s)
    --- PASS: TestBuildPreservesInputsWhenOutputOverlapsProjectData/.mpress (0.00s)
    --- PASS: TestBuildPreservesInputsWhenOutputOverlapsProjectData/.mpress/cache (0.01s)
    --- PASS: TestBuildPreservesInputsWhenOutputOverlapsProjectData/.mpress/translations (0.00s)
    --- PASS: TestBuildPreservesInputsWhenOutputOverlapsProjectData/.mpress/versions (0.00s)
    --- PASS: TestBuildPreservesInputsWhenOutputOverlapsProjectData/.mpress/backups (0.00s)
    --- PASS: TestBuildPreservesInputsWhenOutputOverlapsProjectData/.mpress/onboarding (0.00s)
    --- PASS: TestBuildPreservesInputsWhenOutputOverlapsProjectData/.mpress/unknown-state (0.01s)
=== RUN   TestBuildRejectsOutputThroughExternalParent
--- PASS: TestBuildRejectsOutputThroughExternalParent (0.00s)
=== RUN   TestBuildAllowsSafeOutputAliasesAndMissingParents
=== RUN   TestBuildAllowsSafeOutputAliasesAndMissingParents/missing_parents
=== RUN   TestBuildAllowsSafeOutputAliasesAndMissingParents/internal_parent_alias
=== RUN   TestBuildAllowsSafeOutputAliasesAndMissingParents/project_alias
--- PASS: TestBuildAllowsSafeOutputAliasesAndMissingParents (0.05s)
    --- PASS: TestBuildAllowsSafeOutputAliasesAndMissingParents/missing_parents (0.02s)
    --- PASS: TestBuildAllowsSafeOutputAliasesAndMissingParents/internal_parent_alias (0.02s)
    --- PASS: TestBuildAllowsSafeOutputAliasesAndMissingParents/project_alias (0.02s)
=== RUN   TestBuildReplacesFinalOutputLinkWithoutDeletingItsTarget
--- PASS: TestBuildReplacesFinalOutputLinkWithoutDeletingItsTarget (0.02s)
PASS
ok  	github.com/leaanthony/mpress/internal/site	1.897s
=== RUN   TestCheckSiteSupportsLanguagePrefixAndOutputOverride
Created M-Press project in /tmp/TestCheckSiteSupportsLanguagePrefixAndOutputOverride1559010913/001

Next:
  cd '/tmp/TestCheckSiteSupportsLanguagePrefixAndOutputOverride1559010913/001'
  mpress dev

M-Press opens the project guide in your browser.
Built 1 pages and 16 files in 224ms
--- PASS: TestCheckSiteSupportsLanguagePrefixAndOutputOverride (0.24s)
=== RUN   TestCleanPreservesProtectedProjectData
=== RUN   TestCleanPreservesProtectedProjectData/.
=== RUN   TestCleanPreservesProtectedProjectData/content
=== RUN   TestCleanPreservesProtectedProjectData/content/generated
=== RUN   TestCleanPreservesProtectedProjectData/static
=== RUN   TestCleanPreservesProtectedProjectData/.git
=== RUN   TestCleanPreservesProtectedProjectData/mpress.yaml
=== RUN   TestCleanPreservesProtectedProjectData/.mpress
=== RUN   TestCleanPreservesProtectedProjectData/.mpress/translations
=== RUN   TestCleanPreservesProtectedProjectData/.mpress/unknown-state
--- PASS: TestCleanPreservesProtectedProjectData (0.04s)
    --- PASS: TestCleanPreservesProtectedProjectData/. (0.00s)
    --- PASS: TestCleanPreservesProtectedProjectData/content (0.00s)
    --- PASS: TestCleanPreservesProtectedProjectData/content/generated (0.00s)
    --- PASS: TestCleanPreservesProtectedProjectData/static (0.00s)
    --- PASS: TestCleanPreservesProtectedProjectData/.git (0.01s)
    --- PASS: TestCleanPreservesProtectedProjectData/mpress.yaml (0.00s)
    --- PASS: TestCleanPreservesProtectedProjectData/.mpress (0.00s)
    --- PASS: TestCleanPreservesProtectedProjectData/.mpress/translations (0.00s)
    --- PASS: TestCleanPreservesProtectedProjectData/.mpress/unknown-state (0.00s)
=== RUN   TestCleanRejectsExternalSymlinkParent
--- PASS: TestCleanRejectsExternalSymlinkParent (0.00s)
=== RUN   TestCleanRemovesOnlyGeneratedOutput
Cleaned /tmp/TestCleanRemovesOnlyGeneratedOutput2873861621/001/site
Cleaned /tmp/TestCleanRemovesOnlyGeneratedOutput2873861621/001/site
--- PASS: TestCleanRemovesOnlyGeneratedOutput (0.01s)
PASS
ok  	github.com/leaanthony/mpress/cmd/mpress	1.947s
