=== RUN   TestAuthoringTranslationAuditRejectsExternalFiles
=== RUN   TestAuthoringTranslationAuditRejectsExternalFiles/source
=== RUN   TestAuthoringTranslationAuditRejectsExternalFiles/target
=== RUN   TestAuthoringTranslationAuditRejectsExternalFiles/glossary
--- PASS: TestAuthoringTranslationAuditRejectsExternalFiles (0.30s)
    --- PASS: TestAuthoringTranslationAuditRejectsExternalFiles/source (0.10s)
    --- PASS: TestAuthoringTranslationAuditRejectsExternalFiles/target (0.13s)
    --- PASS: TestAuthoringTranslationAuditRejectsExternalFiles/glossary (0.07s)
=== RUN   TestBorrowedComparisonEngineRetainsRootOwnership
--- PASS: TestBorrowedComparisonEngineRetainsRootOwnership (0.15s)
=== RUN   TestAuthoringComparisonRejectsExternalFilesBeforeProvider
=== RUN   TestAuthoringComparisonRejectsExternalFilesBeforeProvider/source
=== RUN   TestAuthoringComparisonRejectsExternalFilesBeforeProvider/style-guide
=== RUN   TestAuthoringComparisonRejectsExternalFilesBeforeProvider/glossary
--- PASS: TestAuthoringComparisonRejectsExternalFilesBeforeProvider (0.28s)
    --- PASS: TestAuthoringComparisonRejectsExternalFilesBeforeProvider/source (0.10s)
    --- PASS: TestAuthoringComparisonRejectsExternalFilesBeforeProvider/style-guide (0.08s)
    --- PASS: TestAuthoringComparisonRejectsExternalFilesBeforeProvider/glossary (0.10s)
=== RUN   TestAuthoringEstimateRejectsExternalFilesBeforeTargetsExist
=== RUN   TestAuthoringEstimateRejectsExternalFilesBeforeTargetsExist/source
=== RUN   TestAuthoringEstimateRejectsExternalFilesBeforeTargetsExist/style-guide
--- PASS: TestAuthoringEstimateRejectsExternalFilesBeforeTargetsExist (0.18s)
    --- PASS: TestAuthoringEstimateRejectsExternalFilesBeforeTargetsExist/source (0.08s)
    --- PASS: TestAuthoringEstimateRejectsExternalFilesBeforeTargetsExist/style-guide (0.10s)
=== RUN   TestAuthoringComparisonRetainsInternalSourceAliasesWithoutWrites
=== RUN   TestAuthoringComparisonRetainsInternalSourceAliasesWithoutWrites/relative
=== RUN   TestAuthoringComparisonRetainsInternalSourceAliasesWithoutWrites/absolute
--- PASS: TestAuthoringComparisonRetainsInternalSourceAliasesWithoutWrites (0.20s)
    --- PASS: TestAuthoringComparisonRetainsInternalSourceAliasesWithoutWrites/relative (0.11s)
    --- PASS: TestAuthoringComparisonRetainsInternalSourceAliasesWithoutWrites/absolute (0.09s)
=== RUN   TestAuthoringTranslationReviewRejectsExternalFiles
=== RUN   TestAuthoringTranslationReviewRejectsExternalFiles/source
=== RUN   TestAuthoringTranslationReviewRejectsExternalFiles/target
=== RUN   TestAuthoringTranslationReviewRejectsExternalFiles/state-file
=== RUN   TestAuthoringTranslationReviewRejectsExternalFiles/state-parent
=== RUN   TestAuthoringTranslationReviewRejectsExternalFiles/state-discovery
--- PASS: TestAuthoringTranslationReviewRejectsExternalFiles (0.51s)
    --- PASS: TestAuthoringTranslationReviewRejectsExternalFiles/source (0.10s)
    --- PASS: TestAuthoringTranslationReviewRejectsExternalFiles/target (0.09s)
    --- PASS: TestAuthoringTranslationReviewRejectsExternalFiles/state-file (0.11s)
    --- PASS: TestAuthoringTranslationReviewRejectsExternalFiles/state-parent (0.09s)
    --- PASS: TestAuthoringTranslationReviewRejectsExternalFiles/state-discovery (0.11s)
=== RUN   TestAuthoringTranslationReviewRetainsInternalStateAliases
=== RUN   TestAuthoringTranslationReviewRetainsInternalStateAliases/relative
=== RUN   TestAuthoringTranslationReviewRetainsInternalStateAliases/absolute
--- PASS: TestAuthoringTranslationReviewRetainsInternalStateAliases (0.16s)
    --- PASS: TestAuthoringTranslationReviewRetainsInternalStateAliases/relative (0.08s)
    --- PASS: TestAuthoringTranslationReviewRetainsInternalStateAliases/absolute (0.08s)
=== RUN   TestAuthoringTranslationReviewRetainsInternalFileAliases
=== RUN   TestAuthoringTranslationReviewRetainsInternalFileAliases/source/relative
=== RUN   TestAuthoringTranslationReviewRetainsInternalFileAliases/source/absolute
=== RUN   TestAuthoringTranslationReviewRetainsInternalFileAliases/target/relative
=== RUN   TestAuthoringTranslationReviewRetainsInternalFileAliases/target/absolute
=== RUN   TestAuthoringTranslationReviewRetainsInternalFileAliases/state-file/relative
=== RUN   TestAuthoringTranslationReviewRetainsInternalFileAliases/state-file/absolute
--- PASS: TestAuthoringTranslationReviewRetainsInternalFileAliases (0.57s)
    --- PASS: TestAuthoringTranslationReviewRetainsInternalFileAliases/source/relative (0.11s)
    --- PASS: TestAuthoringTranslationReviewRetainsInternalFileAliases/source/absolute (0.08s)
    --- PASS: TestAuthoringTranslationReviewRetainsInternalFileAliases/target/relative (0.11s)
    --- PASS: TestAuthoringTranslationReviewRetainsInternalFileAliases/target/absolute (0.09s)
    --- PASS: TestAuthoringTranslationReviewRetainsInternalFileAliases/state-file/relative (0.09s)
    --- PASS: TestAuthoringTranslationReviewRetainsInternalFileAliases/state-file/absolute (0.09s)
=== RUN   TestAuthoringTranslationPlanRejectsExternalFiles
=== RUN   TestAuthoringTranslationPlanRejectsExternalFiles/source
=== RUN   TestAuthoringTranslationPlanRejectsExternalFiles/target
=== RUN   TestAuthoringTranslationPlanRejectsExternalFiles/state-file
=== RUN   TestAuthoringTranslationPlanRejectsExternalFiles/state-parent
=== RUN   TestAuthoringTranslationPlanRejectsExternalFiles/state-discovery
=== RUN   TestAuthoringTranslationPlanRejectsExternalFiles/style-guide
=== RUN   TestAuthoringTranslationPlanRejectsExternalFiles/glossary
--- PASS: TestAuthoringTranslationPlanRejectsExternalFiles (0.70s)
    --- PASS: TestAuthoringTranslationPlanRejectsExternalFiles/source (0.10s)
    --- PASS: TestAuthoringTranslationPlanRejectsExternalFiles/target (0.11s)
    --- PASS: TestAuthoringTranslationPlanRejectsExternalFiles/state-file (0.08s)
    --- PASS: TestAuthoringTranslationPlanRejectsExternalFiles/state-parent (0.10s)
    --- PASS: TestAuthoringTranslationPlanRejectsExternalFiles/state-discovery (0.11s)
    --- PASS: TestAuthoringTranslationPlanRejectsExternalFiles/style-guide (0.10s)
    --- PASS: TestAuthoringTranslationPlanRejectsExternalFiles/glossary (0.10s)
PASS
ok  	github.com/leaanthony/mpress/internal/dev	4.770s
